INFO:speechbrain.utils.quirks:Applied quirks (see `speechbrain.utils.quirks`): [disable_jit_profiling, allow_tf32]
INFO:speechbrain.utils.quirks:Excluded quirks specified by the `SB_DISABLE_QUIRKS` environment (comma-separated list): []
Lightning automatically upgraded your loaded checkpoint from v1.5.4 to v2.5.0.post0. To apply the upgrade to your files permanently, run `python -m pytorch_lightning.utilities.upgrade_checkpoint ../wshper/lib/python3.10/site-packages/whisperx/vads/assets/pytorch_model.bin`
>>Performing voice activity detection using Pyannote...
Model was trained with pyannote.audio 0.0.1, yours is 3.3.2. Bad things might happen unless you revert pyannote.audio to 0.x.
Model was trained with torch 1.10.0+cu102, yours is 2.6.0. Bad things might happen unless you revert torch to 1.x.
  0%|          | 0/1 [00:00<?, ?it/s]No active speech found in audio
INFO:root:{'parent_log_id': 3497, 'saluran_id': 8, 'nama_audio': 'rripro2_02-21-06-37-50.mp3', 'total_chunk': 56, 'current_chunk': 0, 'detik_awal': 0, 'detik_akhir': 10, 'result': '', 'total_transkrip': 2}
No active speech found in audio
INFO:root:{'parent_log_id': 3497, 'saluran_id': 8, 'nama_audio': 'rripro2_02-21-06-37-50.mp3', 'total_chunk': 56, 'current_chunk': 1, 'detik_awal': 10, 'detik_akhir': 20, 'result': '', 'total_transkrip': 2}
No active speech found in audio
INFO:root:{'parent_log_id': 3497, 'saluran_id': 8, 'nama_audio': 'rripro2_02-21-06-37-50.mp3', 'total_chunk': 56, 'current_chunk': 2, 'detik_awal': 20, 'detik_akhir': 30, 'result': '', 'total_transkrip': 2}
/home/stt/projects/wishper-updated/rripro2.sh: line 7: 905047 Segmentation fault      (core dumped) python /home/stt/projects/wishper-updated/rripro2.py
INFO:speechbrain.utils.quirks:Applied quirks (see `speechbrain.utils.quirks`): [allow_tf32, disable_jit_profiling]
INFO:speechbrain.utils.quirks:Excluded quirks specified by the `SB_DISABLE_QUIRKS` environment (comma-separated list): []
Lightning automatically upgraded your loaded checkpoint from v1.5.4 to v2.5.0.post0. To apply the upgrade to your files permanently, run `python -m pytorch_lightning.utilities.upgrade_checkpoint ../wshper/lib/python3.10/site-packages/whisperx/vads/assets/pytorch_model.bin`
>>Performing voice activity detection using Pyannote...
Model was trained with pyannote.audio 0.0.1, yours is 3.3.2. Bad things might happen unless you revert pyannote.audio to 0.x.
Model was trained with torch 1.10.0+cu102, yours is 2.6.0. Bad things might happen unless you revert torch to 1.x.
INFO:speechbrain.utils.quirks:Applied quirks (see `speechbrain.utils.quirks`): [allow_tf32, disable_jit_profiling]
INFO:speechbrain.utils.quirks:Excluded quirks specified by the `SB_DISABLE_QUIRKS` environment (comma-separated list): []
Lightning automatically upgraded your loaded checkpoint from v1.5.4 to v2.5.0.post0. To apply the upgrade to your files permanently, run `python -m pytorch_lightning.utilities.upgrade_checkpoint ../wshper/lib/python3.10/site-packages/whisperx/vads/assets/pytorch_model.bin`
>>Performing voice activity detection using Pyannote...
Model was trained with pyannote.audio 0.0.1, yours is 3.3.2. Bad things might happen unless you revert pyannote.audio to 0.x.
Model was trained with torch 1.10.0+cu102, yours is 2.6.0. Bad things might happen unless you revert torch to 1.x.
INFO:speechbrain.utils.quirks:Applied quirks (see `speechbrain.utils.quirks`): [disable_jit_profiling, allow_tf32]
INFO:speechbrain.utils.quirks:Excluded quirks specified by the `SB_DISABLE_QUIRKS` environment (comma-separated list): []
Lightning automatically upgraded your loaded checkpoint from v1.5.4 to v2.5.0.post0. To apply the upgrade to your files permanently, run `python -m pytorch_lightning.utilities.upgrade_checkpoint ../wshper/lib/python3.10/site-packages/whisperx/vads/assets/pytorch_model.bin`
>>Performing voice activity detection using Pyannote...
Model was trained with pyannote.audio 0.0.1, yours is 3.3.2. Bad things might happen unless you revert pyannote.audio to 0.x.
Model was trained with torch 1.10.0+cu102, yours is 2.6.0. Bad things might happen unless you revert torch to 1.x.
INFO:speechbrain.utils.quirks:Applied quirks (see `speechbrain.utils.quirks`): [disable_jit_profiling, allow_tf32]
INFO:speechbrain.utils.quirks:Excluded quirks specified by the `SB_DISABLE_QUIRKS` environment (comma-separated list): []
Lightning automatically upgraded your loaded checkpoint from v1.5.4 to v2.5.0.post0. To apply the upgrade to your files permanently, run `python -m pytorch_lightning.utilities.upgrade_checkpoint ../wshper/lib/python3.10/site-packages/whisperx/vads/assets/pytorch_model.bin`
>>Performing voice activity detection using Pyannote...
Model was trained with pyannote.audio 0.0.1, yours is 3.3.2. Bad things might happen unless you revert pyannote.audio to 0.x.
Model was trained with torch 1.10.0+cu102, yours is 2.6.0. Bad things might happen unless you revert torch to 1.x.
INFO:speechbrain.utils.quirks:Applied quirks (see `speechbrain.utils.quirks`): [allow_tf32, disable_jit_profiling]
INFO:speechbrain.utils.quirks:Excluded quirks specified by the `SB_DISABLE_QUIRKS` environment (comma-separated list): []
Lightning automatically upgraded your loaded checkpoint from v1.5.4 to v2.5.0.post0. To apply the upgrade to your files permanently, run `python -m pytorch_lightning.utilities.upgrade_checkpoint ../wshper/lib/python3.10/site-packages/whisperx/vads/assets/pytorch_model.bin`
>>Performing voice activity detection using Pyannote...
Model was trained with pyannote.audio 0.0.1, yours is 3.3.2. Bad things might happen unless you revert pyannote.audio to 0.x.
Model was trained with torch 1.10.0+cu102, yours is 2.6.0. Bad things might happen unless you revert torch to 1.x.
  0%|          | 0/1 [00:00<?, ?it/s]No active speech found in audio
INFO:root:{'parent_log_id': 3503, 'saluran_id': 8, 'nama_audio': 'rripro2_02-21-06-57-51.mp3', 'total_chunk': 7, 'current_chunk': 0, 'detik_awal': 0, 'detik_akhir': 10, 'result': '', 'total_transkrip': 2}
/home/stt/projects/wishper-updated/rripro2.sh: line 7: 905977 Segmentation fault      (core dumped) python /home/stt/projects/wishper-updated/rripro2.py
INFO:speechbrain.utils.quirks:Applied quirks (see `speechbrain.utils.quirks`): [disable_jit_profiling, allow_tf32]
INFO:speechbrain.utils.quirks:Excluded quirks specified by the `SB_DISABLE_QUIRKS` environment (comma-separated list): []
Lightning automatically upgraded your loaded checkpoint from v1.5.4 to v2.5.0.post0. To apply the upgrade to your files permanently, run `python -m pytorch_lightning.utilities.upgrade_checkpoint ../wshper/lib/python3.10/site-packages/whisperx/vads/assets/pytorch_model.bin`
>>Performing voice activity detection using Pyannote...
Model was trained with pyannote.audio 0.0.1, yours is 3.3.2. Bad things might happen unless you revert pyannote.audio to 0.x.
Model was trained with torch 1.10.0+cu102, yours is 2.6.0. Bad things might happen unless you revert torch to 1.x.
  0%|          | 0/1 [00:00<?, ?it/s]No active speech found in audio
INFO:root:{'parent_log_id': 3504, 'saluran_id': 8, 'nama_audio': 'rripro2_02-21-06-57-51.mp3', 'total_chunk': 14, 'current_chunk': 0, 'detik_awal': 0, 'detik_akhir': 10, 'result': '', 'total_transkrip': 2}
/home/stt/projects/wishper-updated/rripro2.sh: line 7: 906063 Segmentation fault      (core dumped) python /home/stt/projects/wishper-updated/rripro2.py
INFO:speechbrain.utils.quirks:Applied quirks (see `speechbrain.utils.quirks`): [allow_tf32, disable_jit_profiling]
INFO:speechbrain.utils.quirks:Excluded quirks specified by the `SB_DISABLE_QUIRKS` environment (comma-separated list): []
Lightning automatically upgraded your loaded checkpoint from v1.5.4 to v2.5.0.post0. To apply the upgrade to your files permanently, run `python -m pytorch_lightning.utilities.upgrade_checkpoint ../wshper/lib/python3.10/site-packages/whisperx/vads/assets/pytorch_model.bin`
>>Performing voice activity detection using Pyannote...
Model was trained with pyannote.audio 0.0.1, yours is 3.3.2. Bad things might happen unless you revert pyannote.audio to 0.x.
Model was trained with torch 1.10.0+cu102, yours is 2.6.0. Bad things might happen unless you revert torch to 1.x.
  0%|          | 0/1 [00:00<?, ?it/s]No active speech found in audio
INFO:root:{'parent_log_id': 3505, 'saluran_id': 8, 'nama_audio': 'rripro2_02-21-06-57-51.mp3', 'total_chunk': 20, 'current_chunk': 0, 'detik_awal': 0, 'detik_akhir': 10, 'result': '', 'total_transkrip': 2}
/home/stt/projects/wishper-updated/rripro2.sh: line 7: 906151 Segmentation fault      (core dumped) python /home/stt/projects/wishper-updated/rripro2.py
INFO:speechbrain.utils.quirks:Applied quirks (see `speechbrain.utils.quirks`): [disable_jit_profiling, allow_tf32]
INFO:speechbrain.utils.quirks:Excluded quirks specified by the `SB_DISABLE_QUIRKS` environment (comma-separated list): []
Lightning automatically upgraded your loaded checkpoint from v1.5.4 to v2.5.0.post0. To apply the upgrade to your files permanently, run `python -m pytorch_lightning.utilities.upgrade_checkpoint ../wshper/lib/python3.10/site-packages/whisperx/vads/assets/pytorch_model.bin`
>>Performing voice activity detection using Pyannote...
Model was trained with pyannote.audio 0.0.1, yours is 3.3.2. Bad things might happen unless you revert pyannote.audio to 0.x.
Model was trained with torch 1.10.0+cu102, yours is 2.6.0. Bad things might happen unless you revert torch to 1.x.
  0%|          | 0/1 [00:00<?, ?it/s]No active speech found in audio
INFO:root:{'parent_log_id': 3506, 'saluran_id': 8, 'nama_audio': 'rripro2_02-21-06-57-51.mp3', 'total_chunk': 25, 'current_chunk': 0, 'detik_awal': 0, 'detik_akhir': 10, 'result': '', 'total_transkrip': 2}
/home/stt/projects/wishper-updated/rripro2.sh: line 7: 906235 Segmentation fault      (core dumped) python /home/stt/projects/wishper-updated/rripro2.py
INFO:speechbrain.utils.quirks:Applied quirks (see `speechbrain.utils.quirks`): [disable_jit_profiling, allow_tf32]
INFO:speechbrain.utils.quirks:Excluded quirks specified by the `SB_DISABLE_QUIRKS` environment (comma-separated list): []
Lightning automatically upgraded your loaded checkpoint from v1.5.4 to v2.5.0.post0. To apply the upgrade to your files permanently, run `python -m pytorch_lightning.utilities.upgrade_checkpoint ../wshper/lib/python3.10/site-packages/whisperx/vads/assets/pytorch_model.bin`
>>Performing voice activity detection using Pyannote...
Model was trained with pyannote.audio 0.0.1, yours is 3.3.2. Bad things might happen unless you revert pyannote.audio to 0.x.
Model was trained with torch 1.10.0+cu102, yours is 2.6.0. Bad things might happen unless you revert torch to 1.x.
  0%|          | 0/1 [00:00<?, ?it/s]No active speech found in audio
INFO:root:{'parent_log_id': 3507, 'saluran_id': 8, 'nama_audio': 'rripro2_02-21-06-57-51.mp3', 'total_chunk': 32, 'current_chunk': 0, 'detik_awal': 0, 'detik_akhir': 10, 'result': '', 'total_transkrip': 2}
/home/stt/projects/wishper-updated/rripro2.sh: line 7: 906319 Segmentation fault      (core dumped) python /home/stt/projects/wishper-updated/rripro2.py
INFO:speechbrain.utils.quirks:Applied quirks (see `speechbrain.utils.quirks`): [allow_tf32, disable_jit_profiling]
INFO:speechbrain.utils.quirks:Excluded quirks specified by the `SB_DISABLE_QUIRKS` environment (comma-separated list): []
Lightning automatically upgraded your loaded checkpoint from v1.5.4 to v2.5.0.post0. To apply the upgrade to your files permanently, run `python -m pytorch_lightning.utilities.upgrade_checkpoint ../wshper/lib/python3.10/site-packages/whisperx/vads/assets/pytorch_model.bin`
>>Performing voice activity detection using Pyannote...
Model was trained with pyannote.audio 0.0.1, yours is 3.3.2. Bad things might happen unless you revert pyannote.audio to 0.x.
Model was trained with torch 1.10.0+cu102, yours is 2.6.0. Bad things might happen unless you revert torch to 1.x.
  0%|          | 0/1 [00:00<?, ?it/s]No active speech found in audio
INFO:root:{'parent_log_id': 3508, 'saluran_id': 8, 'nama_audio': 'rripro2_02-21-06-57-51.mp3', 'total_chunk': 38, 'current_chunk': 0, 'detik_awal': 0, 'detik_akhir': 10, 'result': '', 'total_transkrip': 2}
/home/stt/projects/wishper-updated/rripro2.sh: line 7: 906403 Segmentation fault      (core dumped) python /home/stt/projects/wishper-updated/rripro2.py
INFO:speechbrain.utils.quirks:Applied quirks (see `speechbrain.utils.quirks`): [allow_tf32, disable_jit_profiling]
INFO:speechbrain.utils.quirks:Excluded quirks specified by the `SB_DISABLE_QUIRKS` environment (comma-separated list): []
Lightning automatically upgraded your loaded checkpoint from v1.5.4 to v2.5.0.post0. To apply the upgrade to your files permanently, run `python -m pytorch_lightning.utilities.upgrade_checkpoint ../wshper/lib/python3.10/site-packages/whisperx/vads/assets/pytorch_model.bin`
>>Performing voice activity detection using Pyannote...
Model was trained with pyannote.audio 0.0.1, yours is 3.3.2. Bad things might happen unless you revert pyannote.audio to 0.x.
Model was trained with torch 1.10.0+cu102, yours is 2.6.0. Bad things might happen unless you revert torch to 1.x.
  0%|          | 0/1 [00:00<?, ?it/s]No active speech found in audio
INFO:root:{'parent_log_id': 3509, 'saluran_id': 8, 'nama_audio': 'rripro2_02-21-06-57-51.mp3', 'total_chunk': 43, 'current_chunk': 0, 'detik_awal': 0, 'detik_akhir': 10, 'result': '', 'total_transkrip': 2}
/home/stt/projects/wishper-updated/rripro2.sh: line 7: 906490 Segmentation fault      (core dumped) python /home/stt/projects/wishper-updated/rripro2.py
INFO:speechbrain.utils.quirks:Applied quirks (see `speechbrain.utils.quirks`): [disable_jit_profiling, allow_tf32]
INFO:speechbrain.utils.quirks:Excluded quirks specified by the `SB_DISABLE_QUIRKS` environment (comma-separated list): []
Lightning automatically upgraded your loaded checkpoint from v1.5.4 to v2.5.0.post0. To apply the upgrade to your files permanently, run `python -m pytorch_lightning.utilities.upgrade_checkpoint ../wshper/lib/python3.10/site-packages/whisperx/vads/assets/pytorch_model.bin`
>>Performing voice activity detection using Pyannote...
Model was trained with pyannote.audio 0.0.1, yours is 3.3.2. Bad things might happen unless you revert pyannote.audio to 0.x.
Model was trained with torch 1.10.0+cu102, yours is 2.6.0. Bad things might happen unless you revert torch to 1.x.
  0%|          | 0/1 [00:00<?, ?it/s]No active speech found in audio
INFO:root:{'parent_log_id': 3510, 'saluran_id': 8, 'nama_audio': 'rripro2_02-21-06-57-51.mp3', 'total_chunk': 50, 'current_chunk': 0, 'detik_awal': 0, 'detik_akhir': 10, 'result': '', 'total_transkrip': 2}
/home/stt/projects/wishper-updated/rripro2.sh: line 7: 906575 Segmentation fault      (core dumped) python /home/stt/projects/wishper-updated/rripro2.py
INFO:speechbrain.utils.quirks:Applied quirks (see `speechbrain.utils.quirks`): [disable_jit_profiling, allow_tf32]
INFO:speechbrain.utils.quirks:Excluded quirks specified by the `SB_DISABLE_QUIRKS` environment (comma-separated list): []
Lightning automatically upgraded your loaded checkpoint from v1.5.4 to v2.5.0.post0. To apply the upgrade to your files permanently, run `python -m pytorch_lightning.utilities.upgrade_checkpoint ../wshper/lib/python3.10/site-packages/whisperx/vads/assets/pytorch_model.bin`
>>Performing voice activity detection using Pyannote...
Model was trained with pyannote.audio 0.0.1, yours is 3.3.2. Bad things might happen unless you revert pyannote.audio to 0.x.
Model was trained with torch 1.10.0+cu102, yours is 2.6.0. Bad things might happen unless you revert torch to 1.x.
  0%|          | 0/1 [00:00<?, ?it/s]No active speech found in audio
INFO:root:{'parent_log_id': 3511, 'saluran_id': 8, 'nama_audio': 'rripro2_02-21-06-57-51.mp3', 'total_chunk': 56, 'current_chunk': 0, 'detik_awal': 0, 'detik_akhir': 10, 'result': '', 'total_transkrip': 2}
/home/stt/projects/wishper-updated/rripro2.sh: line 7: 906659 Segmentation fault      (core dumped) python /home/stt/projects/wishper-updated/rripro2.py
INFO:speechbrain.utils.quirks:Applied quirks (see `speechbrain.utils.quirks`): [allow_tf32, disable_jit_profiling]
INFO:speechbrain.utils.quirks:Excluded quirks specified by the `SB_DISABLE_QUIRKS` environment (comma-separated list): []
Lightning automatically upgraded your loaded checkpoint from v1.5.4 to v2.5.0.post0. To apply the upgrade to your files permanently, run `python -m pytorch_lightning.utilities.upgrade_checkpoint ../wshper/lib/python3.10/site-packages/whisperx/vads/assets/pytorch_model.bin`
>>Performing voice activity detection using Pyannote...
Model was trained with pyannote.audio 0.0.1, yours is 3.3.2. Bad things might happen unless you revert pyannote.audio to 0.x.
Model was trained with torch 1.10.0+cu102, yours is 2.6.0. Bad things might happen unless you revert torch to 1.x.
  0%|          | 0/1 [00:00<?, ?it/s]No active speech found in audio
INFO:root:{'parent_log_id': 3512, 'saluran_id': 8, 'nama_audio': 'rripro2_02-21-06-57-51.mp3', 'total_chunk': 60, 'current_chunk': 0, 'detik_awal': 0, 'detik_akhir': 10, 'result': '', 'total_transkrip': 2}
/home/stt/projects/wishper-updated/rripro2.sh: line 7: 906743 Segmentation fault      (core dumped) python /home/stt/projects/wishper-updated/rripro2.py
INFO:speechbrain.utils.quirks:Applied quirks (see `speechbrain.utils.quirks`): [disable_jit_profiling, allow_tf32]
INFO:speechbrain.utils.quirks:Excluded quirks specified by the `SB_DISABLE_QUIRKS` environment (comma-separated list): []
Lightning automatically upgraded your loaded checkpoint from v1.5.4 to v2.5.0.post0. To apply the upgrade to your files permanently, run `python -m pytorch_lightning.utilities.upgrade_checkpoint ../wshper/lib/python3.10/site-packages/whisperx/vads/assets/pytorch_model.bin`
>>Performing voice activity detection using Pyannote...
Model was trained with pyannote.audio 0.0.1, yours is 3.3.2. Bad things might happen unless you revert pyannote.audio to 0.x.
Model was trained with torch 1.10.0+cu102, yours is 2.6.0. Bad things might happen unless you revert torch to 1.x.
  0%|          | 0/2 [00:00<?, ?it/s]No active speech found in audio
INFO:root:{'parent_log_id': 3513, 'saluran_id': 8, 'nama_audio': 'rripro2_02-21-06-57-51.mp3', 'total_chunk': 60, 'current_chunk': 0, 'detik_awal': 0, 'detik_akhir': 10, 'result': '', 'total_transkrip': 2}
/home/stt/projects/wishper-updated/rripro2.sh: line 7: 906828 Segmentation fault      (core dumped) python /home/stt/projects/wishper-updated/rripro2.py
INFO:speechbrain.utils.quirks:Applied quirks (see `speechbrain.utils.quirks`): [disable_jit_profiling, allow_tf32]
INFO:speechbrain.utils.quirks:Excluded quirks specified by the `SB_DISABLE_QUIRKS` environment (comma-separated list): []
Lightning automatically upgraded your loaded checkpoint from v1.5.4 to v2.5.0.post0. To apply the upgrade to your files permanently, run `python -m pytorch_lightning.utilities.upgrade_checkpoint ../wshper/lib/python3.10/site-packages/whisperx/vads/assets/pytorch_model.bin`
>>Performing voice activity detection using Pyannote...
Model was trained with pyannote.audio 0.0.1, yours is 3.3.2. Bad things might happen unless you revert pyannote.audio to 0.x.
Model was trained with torch 1.10.0+cu102, yours is 2.6.0. Bad things might happen unless you revert torch to 1.x.
  0%|          | 0/2 [00:00<?, ?it/s]No active speech found in audio
INFO:root:{'parent_log_id': 3514, 'saluran_id': 8, 'nama_audio': 'rripro2_02-21-06-57-51.mp3', 'total_chunk': 60, 'current_chunk': 0, 'detik_awal': 0, 'detik_akhir': 10, 'result': '', 'total_transkrip': 2}
/home/stt/projects/wishper-updated/rripro2.sh: line 7: 906914 Segmentation fault      (core dumped) python /home/stt/projects/wishper-updated/rripro2.py
INFO:speechbrain.utils.quirks:Applied quirks (see `speechbrain.utils.quirks`): [allow_tf32, disable_jit_profiling]
INFO:speechbrain.utils.quirks:Excluded quirks specified by the `SB_DISABLE_QUIRKS` environment (comma-separated list): []
Lightning automatically upgraded your loaded checkpoint from v1.5.4 to v2.5.0.post0. To apply the upgrade to your files permanently, run `python -m pytorch_lightning.utilities.upgrade_checkpoint ../wshper/lib/python3.10/site-packages/whisperx/vads/assets/pytorch_model.bin`
>>Performing voice activity detection using Pyannote...
Model was trained with pyannote.audio 0.0.1, yours is 3.3.2. Bad things might happen unless you revert pyannote.audio to 0.x.
Model was trained with torch 1.10.0+cu102, yours is 2.6.0. Bad things might happen unless you revert torch to 1.x.
  0%|          | 0/2 [00:00<?, ?it/s]No active speech found in audio
INFO:root:{'parent_log_id': 3515, 'saluran_id': 8, 'nama_audio': 'rripro2_02-21-06-57-51.mp3', 'total_chunk': 60, 'current_chunk': 0, 'detik_awal': 0, 'detik_akhir': 10, 'result': '', 'total_transkrip': 2}
/home/stt/projects/wishper-updated/rripro2.sh: line 7: 907067 Segmentation fault      (core dumped) python /home/stt/projects/wishper-updated/rripro2.py
INFO:speechbrain.utils.quirks:Applied quirks (see `speechbrain.utils.quirks`): [allow_tf32, disable_jit_profiling]
INFO:speechbrain.utils.quirks:Excluded quirks specified by the `SB_DISABLE_QUIRKS` environment (comma-separated list): []
Lightning automatically upgraded your loaded checkpoint from v1.5.4 to v2.5.0.post0. To apply the upgrade to your files permanently, run `python -m pytorch_lightning.utilities.upgrade_checkpoint ../wshper/lib/python3.10/site-packages/whisperx/vads/assets/pytorch_model.bin`
>>Performing voice activity detection using Pyannote...
Model was trained with pyannote.audio 0.0.1, yours is 3.3.2. Bad things might happen unless you revert pyannote.audio to 0.x.
Model was trained with torch 1.10.0+cu102, yours is 2.6.0. Bad things might happen unless you revert torch to 1.x.
  0%|          | 0/2 [00:00<?, ?it/s]No active speech found in audio
INFO:root:{'parent_log_id': 3516, 'saluran_id': 8, 'nama_audio': 'rripro2_02-21-06-57-51.mp3', 'total_chunk': 60, 'current_chunk': 0, 'detik_awal': 0, 'detik_akhir': 10, 'result': '', 'total_transkrip': 2}
/home/stt/projects/wishper-updated/rripro2.sh: line 7: 907177 Segmentation fault      (core dumped) python /home/stt/projects/wishper-updated/rripro2.py
INFO:speechbrain.utils.quirks:Applied quirks (see `speechbrain.utils.quirks`): [allow_tf32, disable_jit_profiling]
INFO:speechbrain.utils.quirks:Excluded quirks specified by the `SB_DISABLE_QUIRKS` environment (comma-separated list): []
Lightning automatically upgraded your loaded checkpoint from v1.5.4 to v2.5.0.post0. To apply the upgrade to your files permanently, run `python -m pytorch_lightning.utilities.upgrade_checkpoint ../wshper/lib/python3.10/site-packages/whisperx/vads/assets/pytorch_model.bin`
>>Performing voice activity detection using Pyannote...
Model was trained with pyannote.audio 0.0.1, yours is 3.3.2. Bad things might happen unless you revert pyannote.audio to 0.x.
Model was trained with torch 1.10.0+cu102, yours is 2.6.0. Bad things might happen unless you revert torch to 1.x.
  0%|          | 0/2 [00:00<?, ?it/s]No active speech found in audio
INFO:root:{'parent_log_id': 3517, 'saluran_id': 8, 'nama_audio': 'rripro2_02-21-06-57-51.mp3', 'total_chunk': 60, 'current_chunk': 0, 'detik_awal': 0, 'detik_akhir': 10, 'result': '', 'total_transkrip': 2}
/home/stt/projects/wishper-updated/rripro2.sh: line 7: 907270 Segmentation fault      (core dumped) python /home/stt/projects/wishper-updated/rripro2.py
INFO:speechbrain.utils.quirks:Applied quirks (see `speechbrain.utils.quirks`): [disable_jit_profiling, allow_tf32]
INFO:speechbrain.utils.quirks:Excluded quirks specified by the `SB_DISABLE_QUIRKS` environment (comma-separated list): []
Lightning automatically upgraded your loaded checkpoint from v1.5.4 to v2.5.0.post0. To apply the upgrade to your files permanently, run `python -m pytorch_lightning.utilities.upgrade_checkpoint ../wshper/lib/python3.10/site-packages/whisperx/vads/assets/pytorch_model.bin`
>>Performing voice activity detection using Pyannote...
Model was trained with pyannote.audio 0.0.1, yours is 3.3.2. Bad things might happen unless you revert pyannote.audio to 0.x.
Model was trained with torch 1.10.0+cu102, yours is 2.6.0. Bad things might happen unless you revert torch to 1.x.
  0%|          | 0/2 [00:00<?, ?it/s]No active speech found in audio
INFO:root:{'parent_log_id': 3518, 'saluran_id': 8, 'nama_audio': 'rripro2_02-21-06-57-51.mp3', 'total_chunk': 60, 'current_chunk': 0, 'detik_awal': 0, 'detik_akhir': 10, 'result': '', 'total_transkrip': 2}
/home/stt/projects/wishper-updated/rripro2.sh: line 7: 907376 Segmentation fault      (core dumped) python /home/stt/projects/wishper-updated/rripro2.py
